-1.142941272807320940e+00
-8.471656060205786432e+00
-2.716331310804360299e+00
1.867588569764433659e+00
-7.285843277196595302e-01
3.188084471127108799e+00
