1.773183253012588757e-06 8.405987518874406990e-08 -1.857243128201332682e-06 -0.000000000000000000e+00 -1.965015306990709397e-07 -5.296048898764682623e-06 -0.000000000000000000e+00 -1.733457462596958822e-06
5.492550429463753298e-06 0.000000000000000000e+00 6.210151599369709271e-06 -5.202014664208002873e-07 -2.470157881811661779e-06 -3.219792251137247310e-06 -0.000000000000000000e+00 -6.798087310738423733e-07
1.733457462596958822e-06 0.000000000000000000e+00 6.798087310738423733e-07 0.000000000000000000e+00 0.000000000000000000e+00 1.656845825279718085e-06 2.130809530108574003e-06 -3.787655355388292299e-06
